Plaine,Plaine,Plaine,Plaine,Plaine,Plaine,Plaine,Plaine,Plaine,Plaine,Plaine,Plaine,Plaine,Plaine,Plaine,Plaine,Plaine,Plaine,Plaine,Plaine,
Plaine,Plaine,Plaine,Plaine,Plaine,Plaine,Plaine,Plaine,Plaine,Plaine,Plaine,Plaine,Plaine,Plaine,Plaine,Plaine,Plaine,Plaine,Plaine,Plaine,Plaine,
Plaine,Plaine,Plaine,Plaine,Plaine,Plaine,Plaine,Plaine,Plaine,Plaine,Plaine,Plaine,Plaine,Plaine,Plaine,Plaine,Plaine,Plaine,Plaine,Plaine,Plaine,Plaine,
Plaine,Plaine,Plaine,Plaine,Plaine,Plaine,Plaine,Plaine,Plaine,Plaine,Plaine,Plaine,Plaine,Plaine,Plaine,Plaine,Plaine,Plaine,Plaine,Plaine,Plaine,Plaine,Plaine,
Plaine,Plaine,Plaine,Plaine,Plaine,Plaine,Plaine,Plaine,Plaine,Plaine,Plaine,Plaine,Plaine,Plaine,Plaine,Plaine,Plaine,Plaine,Plaine,Plaine,Plaine,Plaine,Plaine,Plaine,
Plaine,Plaine,Plaine,Plaine,Plaine,Plaine,Plaine,Plaine,Plaine,Plaine,Plaine,Plaine,Plaine,Plaine,Plaine,Plaine,Plaine,Plaine,Plaine,Plaine,Plaine,Plaine,Plaine,Plaine,Plaine,
Plaine,Plaine,Plaine,Plaine,Plaine,Plaine,Plaine,Plaine,Plaine,Plaine,Plaine,Plaine,Plaine,Plaine,Plaine,Plaine,Plaine,Plaine,Plaine,Plaine,Plaine,Plaine,Plaine,Plaine,Plaine,Plaine,
Plaine,Plaine,Plaine,Plaine,Plaine,Plaine,Plaine,Plaine,Plaine,Plaine,Plaine,Plaine,Plaine,Plaine,Plaine,Plaine,Plaine,Plaine,Plaine,Plaine,Plaine,Plaine,Plaine,Plaine,Plaine,Plaine,Plaine,
Plaine,Plaine,Plaine,Plaine,Plaine,Plaine,Plaine,Plaine,Plaine,Plaine,Plaine,Plaine,Plaine,Plaine,Plaine,Plaine,Plaine,Plaine,Plaine,Plaine,Plaine,Plaine,Plaine,Plaine,Plaine,Plaine,Plaine,Plaine,
Plaine,Plaine,Plaine,Plaine,Plaine,Plaine,Plaine,Plaine,Plaine,Plaine,Plaine,Plaine,Plaine,Plaine,Plaine,Plaine,Plaine,Plaine,Plaine,Plaine,Plaine,Plaine,Plaine,Plaine,Plaine,Plaine,Plaine,Plaine,Plaine,
Plaine,Plaine,Plaine,Plaine,Plaine,Plaine,Plaine,Plaine,Plaine,Plaine,Plaine,Plaine,Plaine,Plaine,Plaine,Plaine,Plaine,Plaine,Plaine,Plaine,Plaine,Plaine,Plaine,Plaine,Plaine,Plaine,Plaine,Plaine,Plaine,Plaine,
Plaine,Plaine,Plaine,Plaine,Plaine,Plaine,Plaine,Plaine,Plaine,Plaine,Plaine,Plaine,Plaine,Plaine,Plaine,Plaine,Plaine,Plaine,Plaine,Plaine,Plaine,Plaine,Plaine,Plaine,Plaine,Plaine,Plaine,Plaine,Plaine,Plaine,Plaine,
Plaine,Plaine,Plaine,Plaine,Plaine,Plaine,Plaine,Plaine,Plaine,Plaine,Plaine,Plaine,Plaine,Plaine,Plaine,Plaine,Plaine,Plaine,Plaine,Plaine,Plaine,Plaine,Plaine,Plaine,Plaine,Plaine,Plaine,Plaine,Plaine,Plaine,Plaine,Plaine,
Plaine,Plaine,Plaine,Plaine,Plaine,Plaine,Plaine,Plaine,Plaine,Plaine,Plaine,Plaine,Plaine,Plaine,Plaine,Plaine,Plaine,Plaine,Plaine,Plaine,Plaine,Plaine,Plaine,Plaine,Plaine,Plaine,Plaine,Plaine,Plaine,Plaine,Plaine,Plaine,Plaine,
Plaine,Plaine,Plaine,Plaine,Plaine,Plaine,Plaine,Plaine,Plaine,Plaine,Plaine,Plaine,Plaine,Plaine,Plaine,Plaine,Plaine,Plaine,Plaine,Plaine,Plaine,Plaine,Plaine,Plaine,Plaine,Plaine,Plaine,Plaine,Plaine,Plaine,Plaine,Plaine,Plaine,Plaine,
Plaine,Plaine,Plaine,Plaine,Plaine,Plaine,Plaine,Plaine,Plaine,Plaine,Plaine,Plaine,Plaine,Plaine,Plaine,Plaine,Plaine,Plaine,Plaine,Plaine,Plaine,Plaine,Plaine,Plaine,Plaine,Plaine,Plaine,Plaine,Plaine,Plaine,Plaine,Plaine,Plaine,Plaine,Plaine,
Plaine,Plaine,Plaine,Plaine,Plaine,Plaine,Plaine,Plaine,Plaine,Plaine,Plaine,Plaine,Plaine,Plaine,Plaine,Plaine,Plaine,Plaine,Plaine,Plaine,Plaine,Plaine,Plaine,Plaine,Plaine,Plaine,Plaine,Plaine,Plaine,Plaine,Plaine,Plaine,Plaine,Plaine,Plaine,Plaine,
Plaine,Plaine,Plaine,Plaine,Plaine,Plaine,Plaine,Plaine,Plaine,Plaine,Plaine,Plaine,Plaine,Plaine,Plaine,Plaine,Plaine,Plaine,Plaine,Plaine,Plaine,Plaine,Plaine,Plaine,Plaine,Plaine,Plaine,Plaine,Plaine,Plaine,Plaine,Plaine,Plaine,Plaine,Plaine,Plaine,Plaine,
Plaine,Plaine,Plaine,Plaine,Plaine,Plaine,Plaine,Plaine,Plaine,Plaine,Plaine,Plaine,Plaine,Plaine,Plaine,Plaine,Plaine,Plaine,Plaine,Plaine,Plaine,Plaine,Plaine,Plaine,Plaine,Plaine,Plaine,Plaine,Plaine,Plaine,Plaine,Plaine,Plaine,Plaine,Plaine,Plaine,Plaine,Plaine,
Plaine,Plaine,Plaine,Plaine,Plaine,Plaine,Plaine,Plaine,Plaine,Plaine,Plaine,Plaine,Plaine,Plaine,Plaine,Plaine,Plaine,Plaine,Plaine,Plaine,Plaine,Plaine,Plaine,Plaine,Plaine,Plaine,Plaine,Plaine,Plaine,Plaine,Plaine,Plaine,Plaine,Plaine,Plaine,Plaine,Plaine,Plaine,Plaine,
Plaine,Plaine,Plaine,Plaine,Plaine,Plaine,Plaine,Plaine,Plaine,Plaine,Plaine,Plaine,Plaine,Plaine,Plaine,Plaine,Plaine,Plaine,Plaine,Plaine,Plaine,Plaine,Plaine,Plaine,Plaine,Plaine,Plaine,Plaine,Plaine,Plaine,Plaine,Plaine,Plaine,Plaine,Plaine,Plaine,Plaine,Plaine,
Plaine,Plaine,Plaine,Plaine,Plaine,Plaine,Plaine,Plaine,Plaine,Plaine,Plaine,Plaine,Plaine,Plaine,Plaine,Plaine,Plaine,Plaine,Plaine,Plaine,Plaine,Plaine,Plaine,Plaine,Plaine,Plaine,Plaine,Plaine,Plaine,Plaine,Plaine,Plaine,Plaine,Plaine,Plaine,Plaine,Plaine,
Plaine,Plaine,Plaine,Plaine,Plaine,Plaine,Plaine,Plaine,Plaine,Plaine,Plaine,Plaine,Plaine,Plaine,Plaine,Plaine,Plaine,Plaine,Plaine,Plaine,Plaine,Plaine,Plaine,Plaine,Plaine,Plaine,Plaine,Plaine,Plaine,Plaine,Plaine,Plaine,Plaine,Plaine,Plaine,Plaine,
Plaine,Plaine,Plaine,Plaine,Plaine,Plaine,Plaine,Plaine,Plaine,Plaine,Plaine,Plaine,Plaine,Plaine,Plaine,Plaine,Plaine,Plaine,Plaine,Plaine,Plaine,Plaine,Plaine,Plaine,Plaine,Plaine,Plaine,Plaine,Plaine,Plaine,Plaine,Plaine,Plaine,Plaine,Plaine,
Plaine,Plaine,Plaine,Plaine,Plaine,Plaine,Plaine,Plaine,Plaine,Plaine,Plaine,Plaine,Plaine,Plaine,Plaine,Plaine,Plaine,Plaine,Plaine,Plaine,Plaine,Plaine,Plaine,Plaine,Plaine,Plaine,Plaine,Plaine,Plaine,Plaine,Plaine,Plaine,Plaine,Plaine,
Plaine,Plaine,Plaine,Plaine,Plaine,Plaine,Plaine,Plaine,Plaine,Plaine,Plaine,Plaine,Plaine,Plaine,Plaine,Plaine,Plaine,Plaine,Plaine,Plaine,Plaine,Plaine,Plaine,Plaine,Plaine,Plaine,Plaine,Plaine,Plaine,Plaine,Plaine,Plaine,Plaine,
Plaine,Plaine,Plaine,Plaine,Plaine,Plaine,Plaine,Plaine,Plaine,Plaine,Plaine,Plaine,Plaine,Plaine,Plaine,Plaine,Plaine,Plaine,Plaine,Plaine,Plaine,Plaine,Plaine,Plaine,Plaine,Plaine,Plaine,Plaine,Plaine,Plaine,Plaine,Plaine,
Plaine,Plaine,Plaine,Plaine,Plaine,Plaine,Plaine,Plaine,Plaine,Plaine,Plaine,Plaine,Plaine,Plaine,Plaine,Plaine,Plaine,Plaine,Plaine,Plaine,Plaine,Plaine,Plaine,Plaine,Plaine,Plaine,Plaine,Plaine,Plaine,Plaine,Plaine,
Plaine,Plaine,Plaine,Plaine,Plaine,Plaine,Plaine,Plaine,Plaine,Plaine,Plaine,Plaine,Plaine,Plaine,Plaine,Plaine,Plaine,Plaine,Plaine,Plaine,Plaine,Plaine,Plaine,Plaine,Plaine,Plaine,Plaine,Plaine,Plaine,Plaine,
Plaine,Plaine,Plaine,Plaine,Plaine,Plaine,Plaine,Plaine,Plaine,Plaine,Plaine,Plaine,Plaine,Plaine,Plaine,Plaine,Plaine,Plaine,Plaine,Plaine,Plaine,Plaine,Plaine,Plaine,Plaine,Plaine,Plaine,Plaine,Plaine,
Plaine,Plaine,Plaine,Plaine,Plaine,Plaine,Plaine,Plaine,Plaine,Plaine,Plaine,Plaine,Plaine,Plaine,Plaine,Plaine,Plaine,Plaine,Plaine,Plaine,Plaine,Plaine,Plaine,Plaine,Plaine,Plaine,Plaine,Plaine,
Plaine,Plaine,Plaine,Plaine,Plaine,Plaine,Plaine,Plaine,Plaine,Plaine,Plaine,Plaine,Plaine,Plaine,Plaine,Plaine,Plaine,Plaine,Plaine,Plaine,Plaine,Plaine,Plaine,Plaine,Plaine,Plaine,Plaine,
Plaine,Plaine,Plaine,Plaine,Plaine,Plaine,Plaine,Plaine,Plaine,Plaine,Plaine,Plaine,Plaine,Plaine,Plaine,Plaine,Plaine,Plaine,Plaine,Plaine,Plaine,Plaine,Plaine,Plaine,Plaine,Plaine,
Plaine,Plaine,Plaine,Plaine,Plaine,Plaine,Plaine,Plaine,Plaine,Plaine,Plaine,Plaine,Plaine,Plaine,Plaine,Plaine,Plaine,Plaine,Plaine,Plaine,Plaine,Plaine,Plaine,Plaine,Plaine,
Plaine,Plaine,Plaine,Plaine,Plaine,Plaine,Plaine,Plaine,Plaine,Plaine,Plaine,Plaine,Plaine,Plaine,Plaine,Plaine,Plaine,Plaine,Plaine,Plaine,Plaine,Plaine,Plaine,Plaine,
Plaine,Plaine,Plaine,Plaine,Plaine,Plaine,Plaine,Plaine,Plaine,Plaine,Plaine,Plaine,Plaine,Plaine,Plaine,Plaine,Plaine,Plaine,Plaine,Plaine,Plaine,Plaine,Plaine,
Plaine,Plaine,Plaine,Plaine,Plaine,Plaine,Plaine,Plaine,Plaine,Plaine,Plaine,Plaine,Plaine,Plaine,Plaine,Plaine,Plaine,Plaine,Plaine,Plaine,Plaine,Plaine,
Plaine,Plaine,Plaine,Plaine,Plaine,Plaine,Plaine,Plaine,Plaine,Plaine,Plaine,Plaine,Plaine,Plaine,Plaine,Plaine,Plaine,Plaine,Plaine,Plaine,Plaine,
Plaine,Plaine,Plaine,Plaine,Plaine,Plaine,Plaine,Plaine,Plaine,Plaine,Plaine,Plaine,Plaine,Plaine,Plaine,Plaine,Plaine,Plaine,Plaine,Plaine,
